2025-09-27 17:33:08,487 - INFO - Added document bbee7699 with 1 chunks
2025-09-27 17:33:08,488 - INFO - Retrieved 0 results for query: What is DocuSense?...
2025-09-27 17:33:08,488 - INFO - Retrieved 0 results for query: What are the key features?...
2025-09-27 17:33:08,488 - INFO - Retrieved 0 results for query: How does the retrieval system work?...
2025-09-27 17:33:08,488 - INFO - Retrieved 0 results for query: Why is offline processing important?...
2025-09-27 17:34:24,876 - INFO - Loaded existing index
2025-09-27 17:34:24,876 - INFO - Added document bbee7699 with 1 chunks
2025-09-27 17:34:24,876 - INFO - Retrieved 1 results for query: What is DocuSense?...
2025-09-27 17:34:24,877 - INFO - Retrieved 1 results for query: What are the key features?...
2025-09-27 17:34:24,877 - INFO - Retrieved 1 results for query: How does the retrieval system work?...
2025-09-27 17:34:24,877 - INFO - Retrieved 1 results for query: Why is offline processing important?...
2025-09-27 23:36:57,735 - INFO - Loaded existing index
2025-09-27 23:36:57,735 - INFO - Added document bbee7699 with 1 chunks
2025-09-27 23:36:57,735 - INFO - Retrieved 1 results for query: What is DocuSense?...
2025-09-27 23:36:57,751 - INFO - Retrieved 1 results for query: What are the key features?...
2025-09-27 23:36:57,753 - INFO - Retrieved 1 results for query: How does the retrieval system work?...
2025-09-27 23:36:57,754 - INFO - Retrieved 1 results for query: Why is offline processing important?...
2025-09-27 23:37:21,496 - INFO - Loaded existing index
2025-09-27 23:41:51,766 - INFO - Added document f6409772 with 10 chunks
2025-09-27 23:41:56,278 - INFO - Added document f6409772 with 10 chunks
2025-09-27 23:48:17,042 - INFO - Loaded existing index
2025-09-27 23:49:27,953 - INFO - Loaded existing index
2025-09-27 23:49:48,932 - INFO - Retrieved 6 results for query: what is this document about...
2025-09-27 23:50:37,369 - INFO - Retrieved 6 results for query: what is this document about...
2025-09-27 23:55:09,669 - INFO - Retrieved 6 results for query: summary...
2025-09-28 00:15:55,815 - INFO - Loaded existing index
2025-09-28 00:16:43,101 - INFO - Loaded existing index
2025-09-28 00:17:01,854 - INFO - Loaded existing index
2025-09-28 00:40:32,183 - INFO - Loaded existing index
2025-09-28 00:40:50,223 - INFO - Loaded existing index
2025-09-28 00:41:26,664 - INFO - Loaded existing index
2025-09-28 00:43:02,129 - INFO - Loaded existing index
2025-09-28 00:43:22,393 - INFO - Retrieved 6 results for query: what is this document about...
2025-09-28 00:50:08,029 - INFO - Loaded existing index
2025-09-28 00:51:38,598 - INFO - Loaded existing index
2025-09-28 00:51:53,631 - INFO - Loaded existing index
2025-09-28 00:52:07,894 - INFO - Retrieved 6 results for query: what is DocuSense...
2025-09-28 00:52:17,405 - INFO - Retrieved 6 results for query: what is the cloud computing project about...
2025-09-28 00:54:31,457 - INFO - Added document f6409772 with 10 chunks
2025-09-28 00:54:37,113 - INFO - Added document f6409772 with 10 chunks
2025-09-28 00:58:47,211 - INFO - Retrieved 6 results for query: what is this cloud computing project about...
2025-09-28 00:58:58,110 - INFO - Retrieved 6 results for query: what are the main features of the cloud system...
2025-09-28 00:59:13,641 - INFO - Retrieved 6 results for query: what technologies are used in this project...
2025-09-28 01:00:47,441 - INFO - Retrieved 6 results for query: what technologies are used in this project...
2025-09-28 01:02:16,432 - INFO - Loaded existing index
2025-09-28 01:02:26,069 - INFO - Loaded existing index
2025-09-28 01:02:38,247 - INFO - Retrieved 6 results for query: what technologies are used in this project...
2025-09-28 14:33:35,945 - INFO - Loaded existing index
2025-09-28 14:40:42,360 - INFO - Added document 7a72b570 with 1 chunks
2025-09-28 14:41:08,310 - INFO - Retrieved 6 results for query: can you tell me the important libraries used in th...
